0	363922	T	running		echo hello world
0	363922	T	stopped		echo hello world
0	363922	T	running		echo hello world
0	363922	T	dead	0x0	echo hello world
