0	366622	T	running		echo hello world
0	366622	T	stopped		echo hello world
1	366623	T	running		sleep 1
1	366623	T	stopped		sleep 1
1	366623	T	running		sleep 1
0	366622	T	running		echo hello world
0	366622	T	dead	0x0	echo hello world
