0	366641	T	running		echo hello world
0	366641	T	stopped		echo hello world
1	366642	T	running		sleep 1
1	366642	T	stopped		sleep 1
1	366642	T	running		sleep 1
0	366641	T	running		echo hello world
0	366641	T	dead	0x0	echo hello world
1	366642	T	dead	0x0	sleep 1
